// Jest Snapshot v1, https://goo.gl/fbAQLP

exports[`LoginPage is expected to render the component 1`] = `
Object {
  "asFragment": [Function],
  "baseElement": <body>
    <div>
      <div>
        <button
          data-testid="logout-btn"
          hidden=""
        >
          LogOut
        </button>
        <form
          data-testid="login-form"
        >
          <input
            data-testid="uname-input"
            id="Uname"
            name="Uname"
            placeholder="Username"
            type="text"
            value=""
          />
          <br />
          <input
            data-testid="pass-input"
            id="Pass"
            name="Pass"
            placeholder="Password"
            type="Password"
            value=""
          />
          <br />
          <button
            data-testid="submit-btn"
          >
            LogIn
          </button>
        </form>
        <p
          data-testid="message"
        />
      </div>
    </div>
  </body>,
  "container": <div>
    <div>
      <button
        data-testid="logout-btn"
        hidden=""
      >
        LogOut
      </button>
      <form
        data-testid="login-form"
      >
        <input
          data-testid="uname-input"
          id="Uname"
          name="Uname"
          placeholder="Username"
          type="text"
          value=""
        />
        <br />
        <input
          data-testid="pass-input"
          id="Pass"
          name="Pass"
          placeholder="Password"
          type="Password"
          value=""
        />
        <br />
        <button
          data-testid="submit-btn"
        >
          LogIn
        </button>
      </form>
      <p
        data-testid="message"
      />
    </div>
  </div>,
  "debug": [Function],
  "findAllByAltText": [Function],
  "findAllByDisplayValue": [Function],
  "findAllByLabelText": [Function],
  "findAllByPlaceholderText": [Function],
  "findAllByRole": [Function],
  "findAllByTestId": [Function],
  "findAllByText": [Function],
  "findAllByTitle": [Function],
  "findByAltText": [Function],
  "findByDisplayValue": [Function],
  "findByLabelText": [Function],
  "findByPlaceholderText": [Function],
  "findByRole": [Function],
  "findByTestId": [Function],
  "findByText": [Function],
  "findByTitle": [Function],
  "getAllByAltText": [Function],
  "getAllByDisplayValue": [Function],
  "getAllByLabelText": [Function],
  "getAllByPlaceholderText": [Function],
  "getAllByRole": [Function],
  "getAllByTestId": [Function],
  "getAllByText": [Function],
  "getAllByTitle": [Function],
  "getByAltText": [Function],
  "getByDisplayValue": [Function],
  "getByLabelText": [Function],
  "getByPlaceholderText": [Function],
  "getByRole": [Function],
  "getByTestId": [Function],
  "getByText": [Function],
  "getByTitle": [Function],
  "queryAllByAltText": [Function],
  "queryAllByDisplayValue": [Function],
  "queryAllByLabelText": [Function],
  "queryAllByPlaceholderText": [Function],
  "queryAllByRole": [Function],
  "queryAllByTestId": [Function],
  "queryAllByText": [Function],
  "queryAllByTitle": [Function],
  "queryByAltText": [Function],
  "queryByDisplayValue": [Function],
  "queryByLabelText": [Function],
  "queryByPlaceholderText": [Function],
  "queryByRole": [Function],
  "queryByTestId": [Function],
  "queryByText": [Function],
  "queryByTitle": [Function],
  "rerender": [Function],
  "unmount": [Function],
}
`;
