// Jest Snapshot v1, https://goo.gl/fbAQLP

exports[`Nav is expected to render the Nav component 1`] = `
Object {
  "asFragment": [Function],
  "baseElement": <body>
    <div>
      <nav
        class="nav"
      >
        <ul>
          <li>
            <a
              href="/"
            >
              Home
            </a>
          </li>
          <li>
            <a
              href="/add"
            >
              Ask a Question
            </a>
          </li>
          <li>
            <a
              href="/leaderboard"
            >
              Leader Board
            </a>
          </li>
          <li
            class="mid-li"
          />
          <li>
            <a
              hidden=""
              href="/"
            >
              LogOut
            </a>
          </li>
          <li>
            <a
              href="/login"
            >
              <span
                data-testid="userName"
              >
                Login
              </span>
            </a>
          </li>
          <li>
            <a
              href="/login"
            >
              <img
                alt="avatar of undefined"
                class="small-avatar"
                data-testid="avatarImg"
                hidden=""
              />
            </a>
          </li>
        </ul>
      </nav>
    </div>
  </body>,
  "container": <div>
    <nav
      class="nav"
    >
      <ul>
        <li>
          <a
            href="/"
          >
            Home
          </a>
        </li>
        <li>
          <a
            href="/add"
          >
            Ask a Question
          </a>
        </li>
        <li>
          <a
            href="/leaderboard"
          >
            Leader Board
          </a>
        </li>
        <li
          class="mid-li"
        />
        <li>
          <a
            hidden=""
            href="/"
          >
            LogOut
          </a>
        </li>
        <li>
          <a
            href="/login"
          >
            <span
              data-testid="userName"
            >
              Login
            </span>
          </a>
        </li>
        <li>
          <a
            href="/login"
          >
            <img
              alt="avatar of undefined"
              class="small-avatar"
              data-testid="avatarImg"
              hidden=""
            />
          </a>
        </li>
      </ul>
    </nav>
  </div>,
  "debug": [Function],
  "findAllByAltText": [Function],
  "findAllByDisplayValue": [Function],
  "findAllByLabelText": [Function],
  "findAllByPlaceholderText": [Function],
  "findAllByRole": [Function],
  "findAllByTestId": [Function],
  "findAllByText": [Function],
  "findAllByTitle": [Function],
  "findByAltText": [Function],
  "findByDisplayValue": [Function],
  "findByLabelText": [Function],
  "findByPlaceholderText": [Function],
  "findByRole": [Function],
  "findByTestId": [Function],
  "findByText": [Function],
  "findByTitle": [Function],
  "getAllByAltText": [Function],
  "getAllByDisplayValue": [Function],
  "getAllByLabelText": [Function],
  "getAllByPlaceholderText": [Function],
  "getAllByRole": [Function],
  "getAllByTestId": [Function],
  "getAllByText": [Function],
  "getAllByTitle": [Function],
  "getByAltText": [Function],
  "getByDisplayValue": [Function],
  "getByLabelText": [Function],
  "getByPlaceholderText": [Function],
  "getByRole": [Function],
  "getByTestId": [Function],
  "getByText": [Function],
  "getByTitle": [Function],
  "queryAllByAltText": [Function],
  "queryAllByDisplayValue": [Function],
  "queryAllByLabelText": [Function],
  "queryAllByPlaceholderText": [Function],
  "queryAllByRole": [Function],
  "queryAllByTestId": [Function],
  "queryAllByText": [Function],
  "queryAllByTitle": [Function],
  "queryByAltText": [Function],
  "queryByDisplayValue": [Function],
  "queryByLabelText": [Function],
  "queryByPlaceholderText": [Function],
  "queryByRole": [Function],
  "queryByTestId": [Function],
  "queryByText": [Function],
  "queryByTitle": [Function],
  "rerender": [Function],
  "unmount": [Function],
}
`;
